// Jest Snapshot v1, https://goo.gl/fbAQLP

exports[`renders a User component correctly 1`] = `
<div>
  <div>
    <h2
      class="font-weight-bold text-dark text-center mt-3"
    >
      Foodsavers
    </h2>
    <h5
      class="text-center mt-3 mb-3 pl-3 pr-3"
    >
      Scan the QR code of the product for adding to cart
    </h5>
    <div
      class="mockQrScanner"
    >
      {"mode":"environment"}
    </div>
    <button
      class="mt-5 mb-5 mx-auto w-25 btn btn-outline-dark btn-block btn-lg"
      data-test-id="btn-new-session"
      type="button"
    >
      New session
    </button>
    <div
      class="mockCustomerModal"
    >
      {"show":false,"name":"John Cena","address":"My address","status":true}
    </div>
  </div>
</div>
`;
